// Jest Snapshot v1, https://goo.gl/fbAQLP

exports[`<ReposList /> should render the loading indicator when its loading 1`] = `
<div
  class="Wrapper-sc-1q5nrgb-0 gvIXRW"
>
  <ul
    class="Ul-sc-1m54iyj-0 fFpzXQ"
  >
    <div
      class="Wrapper-sc-1qlrijl-0 eWYFLQ"
    >
      <div
        class="Circle__CirclePrimitive-sc-1mqs1bn-0 fUyXxd"
      />
      <div
        class="Circle__CirclePrimitive-sc-1mqs1bn-0 fdDLJk"
      />
      <div
        class="Circle__CirclePrimitive-sc-1mqs1bn-0 fTkqmC"
      />
      <div
        class="Circle__CirclePrimitive-sc-1mqs1bn-0 cEutDb"
      />
      <div
        class="Circle__CirclePrimitive-sc-1mqs1bn-0 dSgtJh"
      />
      <div
        class="Circle__CirclePrimitive-sc-1mqs1bn-0 bvLDDA"
      />
      <div
        class="Circle__CirclePrimitive-sc-1mqs1bn-0 brxNoY"
      />
      <div
        class="Circle__CirclePrimitive-sc-1mqs1bn-0 dJZlCb"
      />
      <div
        class="Circle__CirclePrimitive-sc-1mqs1bn-0 bBrEMQ"
      />
      <div
        class="Circle__CirclePrimitive-sc-1mqs1bn-0 dViiZB"
      />
      <div
        class="Circle__CirclePrimitive-sc-1mqs1bn-0 iWBMQs"
      />
      <div
        class="Circle__CirclePrimitive-sc-1mqs1bn-0 kwEnGq"
      />
    </div>
  </ul>
</div>
`;

exports[`<ReposList /> should render the repositories if loading was successful 1`] = `
<div
  class="Wrapper-sc-1q5nrgb-0 gvIXRW"
>
  <ul
    class="Ul-sc-1m54iyj-0 fFpzXQ"
  >
    <li
      class="Wrapper-sc-1ugp8gt-0 jrvLGE"
    >
      <div
        class="Item-sc-6xttuh-0 kAqETc"
      >
        <div
          class="Wrapper-sc-4iytlm-0 hiLSSu"
        >
          <a
            class="A-sc-100bq5w-0 RepoLink-sc-13m04i6-0 gytaKo"
            href="https://github.com/react-boilerplate/react-boilerplate"
            target="_blank"
          >
            react-boilerplate
          </a>
          <a
            class="A-sc-100bq5w-0 IssueLink-i4n6uo-0 kacifR"
            href="https://github.com/react-boilerplate/react-boilerplate/issues"
            target="_blank"
          >
            <svg
              class="IssueIcon-lfymmw-0 idIRMV"
              height="1em"
              width="0.875em"
            >
              <path
                d="M7 2.3c3.14 0 5.7 2.56 5.7 5.7S10.14 13.7 7 13.7 1.3 11.14 1.3 8s2.56-5.7 5.7-5.7m0-1.3C3.14 1 0 4.14 0 8s3.14 7 7 7 7-3.14 7-7S10.86 1 7 1z m1 3H6v5h2V4z m0 6H6v2h2V10z"
              />
            </svg>
            <span>
              20
            </span>
          </a>
        </div>
      </div>
    </li>
  </ul>
</div>
`;
